// Jest Snapshot v1, https://goo.gl/fbAQLP

exports[`float doubleToIEEE 1`] = `
[
  3873439744,
  1072132934,
]
`;
