// Jest Snapshot v1, https://goo.gl/fbAQLP

exports[`int-list df_v3b 1`] = `
Array [
  843401409,
  1028374738,
  3082933767,
  1835561483,
  1511329265,
  1148640391,
  1609887202,
  909984525,
  2528395253,
  773452854,
  760538283,
  2813737703,
  4198700895,
  3031961548,
  599275738,
  631359282,
]
`;

exports[`int-list df_v3b 2`] = `
Array [
  3812805103,
  2668641755,
  3850392519,
  4294342146,
  67038196,
  824063266,
  124702483,
  2179427400,
  3172442476,
  1276287621,
  2820156223,
  3954546944,
  2642520978,
  3396944641,
  187708648,
  4123476076,
]
`;
