// Jest Snapshot v1, https://goo.gl/fbAQLP

exports[`string df_xfnv1a 1`] = `
[
  1880952902,
  3822283825,
  478043131,
  273559758,
  1523837525,
  2343075387,
  289972495,
  310198244,
  41357768,
  971392513,
  256763979,
  3324999188,
  2910291732,
  3994868516,
  1909282480,
  784123824,
]
`;

exports[`string df_xfnv1a 2`] = `
[
  3813144010,
  1070432286,
  792785484,
  1765074406,
  4015605075,
  334274345,
  1298197448,
  139970592,
  2429869922,
  3172324050,
  3345526116,
  118171613,
  1317279240,
  1554938902,
  2251740804,
  1844838313,
]
`;

exports[`string df_xfnv1a_2 1`] = `
[
  3759755561,
  1147060720,
  4097353528,
  1955590951,
  1754306856,
  795370096,
  663350128,
  3014854124,
  1482522165,
  248644456,
  362428993,
  652016822,
  2033568404,
  2498890281,
  2307762092,
  2694967605,
]
`;

exports[`string df_xfnv1a_2 2`] = `
[
  3757097379,
  347599353,
  494481804,
  417145549,
  2138963017,
  2342773473,
  3731513101,
  437964522,
  1184312788,
  690238350,
  2436099395,
  724923474,
  385365181,
  909001012,
  660328465,
  3554879605,
]
`;

exports[`string df_xmur3 1`] = `
[
  1463900127,
  3382348051,
  4017611752,
  4205503226,
  1279010286,
  2149068837,
  2433646083,
  1467709509,
  3541791720,
  1221864153,
  269156765,
  2490544737,
  1955113118,
  2746753104,
  1646923655,
  3647521537,
]
`;

exports[`string df_xmur3 2`] = `
[
  3071847068,
  3608824145,
  769630472,
  2919198978,
  4262893782,
  724545136,
  1193843432,
  1985298288,
  1627391293,
  1332188356,
  1051812219,
  2308652250,
  1818767607,
  3494459685,
  3067848249,
  370396522,
]
`;

exports[`string df_xmur3a 1`] = `
[
  3032347235,
  3966414462,
  272600060,
  1311513922,
  1740450750,
  3790462781,
  2367108256,
  3574728707,
  4067836055,
  1875714520,
  179541701,
  14514027,
  1832936131,
  3600805452,
  3037423323,
  3707002597,
]
`;

exports[`string df_xmur3a 2`] = `
[
  4243690504,
  1134027138,
  3456639521,
  2828821235,
  3349268413,
  3090301747,
  2432799623,
  2924086854,
  4145921600,
  1049769401,
  30172453,
  1246630121,
  3174435774,
  4266128259,
  36855377,
  1412169984,
]
`;
