// Jest Snapshot v1, https://goo.gl/fbAQLP

exports[`number df_mulberry32 1`] = `
[
  0.07845377526246011,
  0.44624303048476577,
  0.2832711616065353,
  0.7845816505141556,
  0.9755276739597321,
  0.44098455156199634,
  0.06808405858464539,
  0.3188576155807823,
  0.6483108345419168,
  0.1686609056778252,
  0.060697185806930065,
  0.7204918644856662,
  0.22251161909662187,
  0.19648338085971773,
  0.39632478170096874,
  0.6545514219906181,
]
`;

exports[`number df_mulberry32 2`] = `
[
  0.7439509234391153,
  0.6870627191383392,
  0.4839799259789288,
  0.8153954423032701,
  0.6879334182012826,
  0.9649797754827887,
  0.666028386214748,
  0.7311498147901148,
  0.21718146419152617,
  0.8067912785336375,
  0.5702531803399324,
  0.798434310592711,
  0.6636752306949347,
  0.7637704347725958,
  0.5261733690276742,
  0.7091079936362803,
]
`;

exports[`number df_splitmix32 1`] = `
[
  0.4224637313745916,
  0.47743686009198427,
  0.901220950530842,
  0.21907008439302444,
  0.21955096209421754,
  0.13954805629327893,
  0.9507406358607113,
  0.1713115160819143,
  0.7375910996925086,
  0.8956481541972607,
  0.988201015163213,
  0.45239880913868546,
  0.04964208975434303,
  0.8978918592911214,
  0.6366649500560015,
  0.8664729951415211,
]
`;

exports[`number df_splitmix32 2`] = `
[
  0.6433862149715424,
  0.9569811569526792,
  0.3575705736875534,
  0.7158022362273186,
  0.05328744649887085,
  0.47713084309361875,
  0.12533995276317,
  0.24278043489903212,
  0.5424668625928462,
  0.13108001369982958,
  0.8964921156875789,
  0.7554246606305242,
  0.6246357860509306,
  0.04523041471838951,
  0.023794775130227208,
  0.5285730082541704,
]
`;
