// Jest Snapshot v1, https://goo.gl/fbAQLP

exports[`test seedFloatByDate 1`] = `1577836800000.111`;

exports[`test seedStringByDate 1`] = `"1577836800000.111083984375"`;
